Flow report for space_invaders
Wed May 27 23:07:00 2026
Quartus II 64-Bit Version 13.0.1 Build 232 06/12/2013 Service Pack 1 SJ Web Edition


---------------------
; Table of Contents ;
---------------------
  1. Legal Notice
  2. Flow Summary
  3. Flow Settings
  4. Flow Non-Default Global Settings
  5. Flow Elapsed Time
  6. Flow OS Summary
  7. Flow Log
  8. Flow Messages
  9. Flow Suppressed Messages



----------------
; Legal Notice ;
----------------
Copyright (C) 1991-2013 Altera Corporation
Your use of Altera Corporation's design tools, logic functions 
and other software and tools, and its AMPP partner logic 
functions, and any output files from any of the foregoing 
(including device programming or simulation files), and any 
associated documentation or information are expressly subject 
to the terms and conditions of the Altera Program License 
Subscription Agreement, Altera MegaCore Function License 
Agreement, or other applicable license agreement, including, 
without limitation, that your use is for the sole purpose of 
programming logic devices manufactured by Altera and sold by 
Altera or its authorized distributors.  Please refer to the 
applicable agreement for further details.



+---------------------------------------------------------------------------------------+
; Flow Summary                                                                          ;
+-------------------------------------+-------------------------------------------------+
; Flow Status                         ; Successful - Wed May 27 23:07:00 2026           ;
; Quartus II 64-Bit Version           ; 13.0.1 Build 232 06/12/2013 SP 1 SJ Web Edition ;
; Revision Name                       ; space_invaders                                  ;
; Top-level Entity Name               ; spaceInvaders                                   ;
; Family                              ; Cyclone V                                       ;
; Device                              ; 5CGXFC5C6F27C7                                  ;
; Timing Models                       ; Preliminary                                     ;
; Logic utilization (in ALMs)         ; 2,022 / 29,080 ( 7 % )                          ;
; Total registers                     ; 283                                             ;
; Total pins                          ; 48 / 364 ( 13 % )                               ;
; Total virtual pins                  ; 0                                               ;
; Total block memory bits             ; 0 / 4,567,040 ( 0 % )                           ;
; Total DSP Blocks                    ; 0 / 150 ( 0 % )                                 ;
; Total HSSI RX PCSs                  ; 0 / 6 ( 0 % )                                   ;
; Total HSSI PMA RX Deserializers     ; 0 / 6 ( 0 % )                                   ;
; Total HSSI PMA RX ATT Deserializers ; 0                                               ;
; Total HSSI TX PCSs                  ; 0 / 6 ( 0 % )                                   ;
; Total HSSI PMA TX Serializers       ; 0 / 6 ( 0 % )                                   ;
; Total HSSI PMA TX ATT Serializers   ; 0 / 6 ( 0 % )                                   ;
; Total PLLs                          ; 1 / 12 ( 8 % )                                  ;
; Total DLLs                          ; 0 / 4 ( 0 % )                                   ;
+-------------------------------------+-------------------------------------------------+


+-----------------------------------------+
; Flow Settings                           ;
+-------------------+---------------------+
; Option            ; Setting             ;
+-------------------+---------------------+
; Start date & time ; 05/27/2026 23:05:39 ;
; Main task         ; Compilation         ;
; Revision Name     ; space_invaders      ;
+-------------------+---------------------+


+---------------------------------------------------------------------------------------------------------------------------+
; Flow Non-Default Global Settings                                                                                          ;
+-------------------------------------+---------------------------------------+----------------+---------------+------------+
; Assignment Name                     ; Value                                 ; Default Value  ; Entity Name   ; Section Id ;
+-------------------------------------+---------------------------------------+----------------+---------------+------------+
; COMPILER_SIGNATURE_ID               ; 88974387534200.177989793907828        ; --             ; --            ; --         ;
; EDA_SIMULATION_TOOL                 ; ModelSim-Altera (VHDL)                ; <None>         ; --            ; --         ;
; IP_TOOL_ENV                         ; mwpim                                 ; --             ; pll_25        ; --         ;
; IP_TOOL_ENV                         ; mwpim                                 ; --             ; pll_25        ; --         ;
; IP_TOOL_ENV                         ; mwpim                                 ; --             ; pll_25_0002   ; --         ;
; IP_TOOL_NAME                        ; altera_pll                            ; --             ; pll_25        ; --         ;
; IP_TOOL_NAME                        ; altera_pll                            ; --             ; pll_25        ; --         ;
; IP_TOOL_NAME                        ; altera_pll                            ; --             ; pll_25_0002   ; --         ;
; IP_TOOL_VERSION                     ; 13.0sp1                               ; --             ; pll_25        ; --         ;
; IP_TOOL_VERSION                     ; 13.0sp1                               ; --             ; pll_25        ; --         ;
; IP_TOOL_VERSION                     ; 13.0                                  ; --             ; pll_25_0002   ; --         ;
; MAX_CORE_JUNCTION_TEMP              ; 85                                    ; --             ; --            ; --         ;
; MIN_CORE_JUNCTION_TEMP              ; 0                                     ; --             ; --            ; --         ;
; MISC_FILE                           ; pll_25.cmp                            ; --             ; --            ; --         ;
; MISC_FILE                           ; pll_25_sim/pll_25.vho                 ; --             ; --            ; --         ;
; PARTITION_COLOR                     ; 16764057                              ; --             ; spaceInvaders ; Top        ;
; PARTITION_FITTER_PRESERVATION_LEVEL ; PLACEMENT_AND_ROUTING                 ; --             ; spaceInvaders ; Top        ;
; PARTITION_NETLIST_TYPE              ; SOURCE                                ; --             ; spaceInvaders ; Top        ;
; POWER_BOARD_THERMAL_MODEL           ; None (CONSERVATIVE)                   ; --             ; --            ; --         ;
; POWER_PRESET_COOLING_SOLUTION       ; 23 MM HEAT SINK WITH 200 LFPM AIRFLOW ; --             ; --            ; --         ;
; PROJECT_OUTPUT_DIRECTORY            ; output_files                          ; --             ; --            ; --         ;
; SPD_FILE                            ; pll_25.spd                            ; --             ; --            ; --         ;
; SYNTHESIS_ONLY_QIP                  ; On                                    ; --             ; --            ; --         ;
; TOP_LEVEL_ENTITY                    ; spaceInvaders                         ; space_invaders ; --            ; --         ;
+-------------------------------------+---------------------------------------+----------------+---------------+------------+


+--------------------------------------------------------------------------------------------------------------------------+
; Flow Elapsed Time                                                                                                        ;
+----------------------+--------------+-------------------------+---------------------+------------------------------------+
; Module Name          ; Elapsed Time ; Average Processors Used ; Peak Virtual Memory ; Total CPU Time (on all processors) ;
+----------------------+--------------+-------------------------+---------------------+------------------------------------+
; Analysis & Synthesis ; 00:00:14     ; 1.0                     ; 4768 MB             ; 00:00:14                           ;
; Fitter               ; 00:00:54     ; 3.1                     ; 6730 MB             ; 00:01:25                           ;
; Assembler            ; 00:00:08     ; 1.0                     ; 4776 MB             ; 00:00:07                           ;
; Total                ; 00:01:16     ; --                      ; --                  ; 00:01:46                           ;
+----------------------+--------------+-------------------------+---------------------+------------------------------------+


+-----------------------------------------------------------------------------------+
; Flow OS Summary                                                                   ;
+----------------------+------------------+-----------+------------+----------------+
; Module Name          ; Machine Hostname ; OS Name   ; OS Version ; Processor type ;
+----------------------+------------------+-----------+------------+----------------+
; Analysis & Synthesis ; DESKTOP-I2LTSLR  ; Windows 7 ; 6.2        ; x86_64         ;
; Fitter               ; DESKTOP-I2LTSLR  ; Windows 7 ; 6.2        ; x86_64         ;
; Assembler            ; DESKTOP-I2LTSLR  ; Windows 7 ; 6.2        ; x86_64         ;
+----------------------+------------------+-----------+------------+----------------+


------------
; Flow Log ;
------------
quartus_map --read_settings_files=on --write_settings_files=off space_invaders -c space_invaders
quartus_fit --read_settings_files=on --write_settings_files=off space_invaders -c space_invaders
quartus_asm --read_settings_files=off --write_settings_files=off space_invaders -c space_invaders



